// Jest Snapshot v1, https://goo.gl/fbAQLP

exports[`Search Box component snapshot test 1`] = `
<form
  onSubmit={[Function]}
>
  <input
    className="sc-bdfBwQ jyVkcv"
    placeholder="Search your movies"
  />
  <button
    className="sc-gsTCUz fTGdlx"
    type="submit"
  >
    Search
  </button>
</form>
`;
